This is pdfTeX, Version 3.141592653-2.6-1.40.29 (TeX Live 2026) (preloaded format=pdflatex 2026.3.11)  24 SEP 2026 17:28
entering extended mode
 restricted \write18 enabled.
 file:line:error style messages enabled.
 %&-line parsing enabled.
**/home/user/dbupldm/DBUPLDM_BDR4/main.tex
(/home/user/dbupldm/DBUPLDM_BDR4/main.tex
LaTeX2e <2025-11-01>
L3 programming layer <2026-01-19>
(/home/user/.TinyTeX/texmf-dist/tex/latex/els-cas-templates/cas-sc.cls
Document Class: cas-sc 2024/05/04, 2.4: Formatting class for CAS single column articles
\c@blind=\count275
\@bls=\dimen148
(/home/user/.TinyTeX/texmf-dist/tex/latex/base/article.cls
Document Class: article 2025/01/22 v1.4n Standard LaTeX document class
(/home/user/.TinyTeX/texmf-dist/tex/latex/base/size10.clo
File: size10.clo 2025/01/22 v1.4n Standard LaTeX file (size option)
)
\c@part=\count276
\c@section=\count277
\c@subsection=\count278
\c@subsubsection=\count279
\c@paragraph=\count280
\c@subparagraph=\count281
\c@figure=\count282
\c@table=\count283
\abovecaptionskip=\skip49
\belowcaptionskip=\skip50
\bibindent=\dimen149
) (/home/user/.TinyTeX/texmf-dist/tex/latex/graphics/graphicx.sty
Package: graphicx 2024/12/31 v1.2e Enhanced LaTeX Graphics (DPC,SPQR)
 (/home/user/.TinyTeX/texmf-dist/tex/latex/graphics/keyval.sty
Package: keyval 2022/05/29 v1.15 key=value parser (DPC)
\KV@toks@=\toks17
) (/home/user/.TinyTeX/texmf-dist/tex/latex/graphics/graphics.sty
Package: graphics 2024/08/06 v1.4g Standard LaTeX Graphics (DPC,SPQR)
 (/home/user/.TinyTeX/texmf-dist/tex/latex/graphics/trig.sty
Package: trig 2023/12/02 v1.11 sin cos tan (DPC)
) (/home/user/.TinyTeX/texmf-dist/tex/latex/graphics-cfg/graphics.cfg
File: graphics.cfg 2016/06/04 v1.11 sample graphics configuration
)
Package graphics Info: Driver file: pdftex.def on input line 106.
 (/home/user/.TinyTeX/texmf-dist/tex/latex/graphics-def/pdftex.def
File: pdftex.def 2025/09/29 v1.2d Graphics/color driver for pdftex
))
\Gin@req@height=\dimen150
\Gin@req@width=\dimen151
) (/home/user/.TinyTeX/texmf-dist/tex/latex/amsmath/amsmath.sty
Package: amsmath 2025/07/09 v2.17z AMS math features
\@mathmargin=\skip51

For additional information on amsmath, use the `?' option.
(/home/user/.TinyTeX/texmf-dist/tex/latex/amsmath/amstext.sty
Package: amstext 2024/11/17 v2.01 AMS text
 (/home/user/.TinyTeX/texmf-dist/tex/latex/amsmath/amsgen.sty
File: amsgen.sty 1999/11/30 v2.0 generic functions
\@emptytoks=\toks18
\ex@=\dimen152
)) (/home/user/.TinyTeX/texmf-dist/tex/latex/amsmath/amsbsy.sty
Package: amsbsy 1999/11/29 v1.2d Bold Symbols
\pmbraise@=\dimen153
) (/home/user/.TinyTeX/texmf-dist/tex/latex/amsmath/amsopn.sty
Package: amsopn 2022/04/08 v2.04 operator names
)
\inf@bad=\count284
LaTeX Info: Redefining \frac on input line 233.
\uproot@=\count285
\leftroot@=\count286
LaTeX Info: Redefining \overline on input line 398.
LaTeX Info: Redefining \colon on input line 409.
\classnum@=\count287
\DOTSCASE@=\count288
LaTeX Info: Redefining \ldots on input line 495.
LaTeX Info: Redefining \dots on input line 498.
LaTeX Info: Redefining \cdots on input line 619.
\Mathstrutbox@=\box53
\strutbox@=\box54
LaTeX Info: Redefining \big on input line 721.
LaTeX Info: Redefining \Big on input line 722.
LaTeX Info: Redefining \bigg on input line 723.
LaTeX Info: Redefining \Bigg on input line 724.
\big@size=\dimen154
LaTeX Font Info:    Redeclaring font encoding OML on input line 742.
LaTeX Font Info:    Redeclaring font encoding OMS on input line 743.
\macc@depth=\count289
LaTeX Info: Redefining \bmod on input line 904.
LaTeX Info: Redefining \pmod on input line 909.
LaTeX Info: Redefining \smash on input line 939.
LaTeX Info: Redefining \relbar on input line 969.
LaTeX Info: Redefining \Relbar on input line 970.
\c@MaxMatrixCols=\count290
\dotsspace@=\muskip17
\c@parentequation=\count291
\dspbrk@lvl=\count292
\tag@help=\toks19
\row@=\count293
\column@=\count294
\maxfields@=\count295
\andhelp@=\toks20
\eqnshift@=\dimen155
\alignsep@=\dimen156
\tagshift@=\dimen157
\tagwidth@=\dimen158
\totwidth@=\dimen159
\lineht@=\dimen160
\@envbody=\toks21
\multlinegap=\skip52
\multlinetaggap=\skip53
\mathdisplay@stack=\toks22
LaTeX Info: Redefining \[ on input line 2950.
LaTeX Info: Redefining \] on input line 2951.
) (/home/user/.TinyTeX/texmf-dist/tex/latex/amsfonts/amsfonts.sty
Package: amsfonts 2013/01/14 v3.01 Basic AMSFonts support
\symAMSa=\mathgroup4
\symAMSb=\mathgroup5
LaTeX Font Info:    Redeclaring math symbol \hbar on input line 98.
LaTeX Font Info:    Overwriting math alphabet `\mathfrak' in version `bold'
(Font)                  U/euf/m/n --> U/euf/b/n on input line 106.
) (/home/user/.TinyTeX/texmf-dist/tex/latex/amsfonts/amssymb.sty
Package: amssymb 2013/01/14 v3.01 AMS font symbols
) (/home/user/.TinyTeX/texmf-dist/tex/latex/l3kernel/expl3.sty
Package: expl3 2026-01-19 L3 programming layer (loader) 
 (/home/user/.TinyTeX/texmf-dist/tex/latex/l3backend/l3backend-pdftex.def
File: l3backend-pdftex.def 2025-10-09 L3 backend support: PDF output (pdfTeX)
\l__color_backend_stack_int=\count296
)) (/home/user/.TinyTeX/texmf-dist/tex/latex/l3packages/xparse/xparse.sty
Package: xparse 2025-10-09 L3 Experimental document command parser
) (/home/user/.TinyTeX/texmf-dist/tex/latex/etoolbox/etoolbox.sty
Package: etoolbox 2025/10/02 v2.5m e-TeX tools for LaTeX (JAW)
\etb@tempcnta=\count297
) (/home/user/.TinyTeX/texmf-dist/tex/latex/booktabs/booktabs.sty
Package: booktabs 2020/01/12 v1.61803398 Publication quality tables
\heavyrulewidth=\dimen161
\lightrulewidth=\dimen162
\cmidrulewidth=\dimen163
\belowrulesep=\dimen164
\belowbottomsep=\dimen165
\aboverulesep=\dimen166
\abovetopsep=\dimen167
\cmidrulesep=\dimen168
\cmidrulekern=\dimen169
\defaultaddspace=\dimen170
\@cmidla=\count298
\@cmidlb=\count299
\@aboverulesep=\dimen171
\@belowrulesep=\dimen172
\@thisruleclass=\count300
\@lastruleclass=\count301
\@thisrulewidth=\dimen173
) (/home/user/.TinyTeX/texmf-dist/tex/latex/makecell/makecell.sty
Package: makecell 2009/08/03 V0.1e Managing of Tab Column Heads and Cells
 (/home/user/.TinyTeX/texmf-dist/tex/latex/tools/array.sty
Package: array 2025/09/25 v2.6n Tabular extension package (FMi)
\col@sep=\dimen174
\ar@mcellbox=\box55
\extrarowheight=\dimen175
\NC@list=\toks23
\extratabsurround=\skip54
\backup@length=\skip55
\ar@cellbox=\box56
)
\rotheadsize=\dimen176
\c@nlinenum=\count302
\TeXr@lab=\toks24
) (/home/user/.TinyTeX/texmf-dist/tex/latex/multirow/multirow.sty
Package: multirow 2024/11/12 v2.9 Span multiple rows of a table
\multirow@colwidth=\skip56
\multirow@cntb=\count303
\multirow@dima=\skip57
\bigstrutjot=\dimen177
) (/home/user/.TinyTeX/texmf-dist/tex/latex/colortbl/colortbl.sty
Package: colortbl 2024/10/29 v1.0k Color table columns (DPC)
 (/home/user/.TinyTeX/texmf-dist/tex/latex/graphics/color.sty
Package: color 2025/01/14 v1.3e Standard LaTeX Color (DPC)
 (/home/user/.TinyTeX/texmf-dist/tex/latex/graphics-cfg/color.cfg
File: color.cfg 2016/01/02 v1.6 sample color configuration
)
Package color Info: Driver file: pdftex.def on input line 149.
 (/home/user/.TinyTeX/texmf-dist/tex/latex/graphics/mathcolor.ltx))
\everycr=\toks25
\minrowclearance=\skip58
\rownum=\count304
) (/home/user/.TinyTeX/texmf-dist/tex/latex/tools/dcolumn.sty
Package: dcolumn 2025/10/21 v1.06 decimal alignment package (DPC)
) (/home/user/.TinyTeX/texmf-dist/tex/latex/sttools/stfloats.sty
Package: stfloats 2025/06/18 v3.4 Improve float mechanism and baselineskip settings
\@dblbotnum=\count305
\c@dblbotnumber=\count306
) (/home/user/.TinyTeX/texmf-dist/tex/latex/tools/xspace.sty
Package: xspace 2014/10/28 v1.13 Space after command names (DPC,MH)
) (/home/user/.TinyTeX/texmf-dist/tex/generic/xstring/xstring.sty (/home/user/.TinyTeX/texmf-dist/tex/generic/xstring/xstring.tex
\xs_counta=\count307
\xs_countb=\count308
)
Package: xstring 2023/08/22 v1.86 String manipulations (CT)
) (/home/user/.TinyTeX/texmf-dist/tex/latex/footmisc/footmisc.sty
Package: footmisc 2025/05/09 v7.0b a miscellany of footnote facilities
\FN@temptoken=\toks26
\footnotemargin=\dimen178
Package footmisc Info: Declaring symbol style bringhurst on input line 549.
Package footmisc Info: Declaring symbol style chicago on input line 557.
Package footmisc Info: Declaring symbol style wiley on input line 566.
Package footmisc Info: Declaring symbol style lamport-robust on input line 577.
Package footmisc Info: Declaring symbol style lamport* on input line 597.
Package footmisc Info: Declaring symbol style lamport*-robust on input line 618.
) (/home/user/.TinyTeX/texmf-dist/tex/latex/xcolor/xcolor.sty
Package: xcolor 2024/09/29 v3.02 LaTeX color extensions (UK)
 (/home/user/.TinyTeX/texmf-dist/tex/latex/graphics-cfg/color.cfg
File: color.cfg 2016/01/02 v1.6 sample color configuration
)
Package xcolor Info: Driver file: pdftex.def on input line 274.
LaTeX Info: Redefining \color on input line 762.
 (/home/user/.TinyTeX/texmf-dist/tex/latex/graphics/mathcolor.ltx)
Package xcolor Info: Model `cmy' substituted by `cmy0' on input line 1349.
Package xcolor Info: Model `hsb' substituted by `rgb' on input line 1353.
Package xcolor Info: Model `RGB' extended on input line 1365.
Package xcolor Info: Model `HTML' substituted by `rgb' on input line 1367.
Package xcolor Info: Model `Hsb' substituted by `hsb' on input line 1368.
Package xcolor Info: Model `tHsb' substituted by `hsb' on input line 1369.
Package xcolor Info: Model `HSB' substituted by `hsb' on input line 1370.
Package xcolor Info: Model `Gray' substituted by `gray' on input line 1371.
Package xcolor Info: Model `wave' substituted by `hsb' on input line 1372.
) (/home/user/.TinyTeX/texmf-dist/tex/latex/xcolor/svgnam.def
File: svgnam.def 2024/09/29 v3.02 Predefined colors according to SVG 1.1 (UK)
) (/home/user/.TinyTeX/texmf-dist/tex/latex/graphics/dvipsnam.def
File: dvipsnam.def 2016/06/17 v3.0m Driver-dependent file (DPC,SPQR)
) (/home/user/.TinyTeX/texmf-dist/tex/latex/hyperref/hyperref.sty
Package: hyperref 2026-01-29 v7.01p Hypertext links for LaTeX
 (/home/user/.TinyTeX/texmf-dist/tex/generic/iftex/iftex.sty
Package: iftex 2024/12/12 v1.0g TeX engine tests
) (/home/user/.TinyTeX/texmf-dist/tex/latex/kvsetkeys/kvsetkeys.sty
Package: kvsetkeys 2022-10-05 v1.19 Key value parser (HO)
) (/home/user/.TinyTeX/texmf-dist/tex/generic/kvdefinekeys/kvdefinekeys.sty
Package: kvdefinekeys 2019-12-19 v1.6 Define keys (HO)
) (/home/user/.TinyTeX/texmf-dist/tex/generic/pdfescape/pdfescape.sty
Package: pdfescape 2019/12/09 v1.15 Implements pdfTeX's escape features (HO)
 (/home/user/.TinyTeX/texmf-dist/tex/generic/ltxcmds/ltxcmds.sty
Package: ltxcmds 2023-12-04 v1.26 LaTeX kernel commands for general use (HO)
) (/home/user/.TinyTeX/texmf-dist/tex/generic/pdftexcmds/pdftexcmds.sty
Package: pdftexcmds 2020-06-27 v0.33 Utility functions of pdfTeX for LuaTeX (HO)
 (/home/user/.TinyTeX/texmf-dist/tex/generic/infwarerr/infwarerr.sty
Package: infwarerr 2019/12/03 v1.5 Providing info/warning/error messages (HO)
)
Package pdftexcmds Info: \pdf@primitive is available.
Package pdftexcmds Info: \pdf@ifprimitive is available.
Package pdftexcmds Info: \pdfdraftmode found.
)) (/home/user/.TinyTeX/texmf-dist/tex/latex/hycolor/hycolor.sty
Package: hycolor 2020-01-27 v1.10 Color options for hyperref/bookmark (HO)
) (/home/user/.TinyTeX/texmf-dist/tex/latex/hyperref/nameref.sty
Package: nameref 2026-01-29 v2.58 Cross-referencing by name of section
 (/home/user/.TinyTeX/texmf-dist/tex/latex/refcount/refcount.sty
Package: refcount 2019/12/15 v3.6 Data extraction from label references (HO)
) (/home/user/.TinyTeX/texmf-dist/tex/generic/gettitlestring/gettitlestring.sty
Package: gettitlestring 2019/12/15 v1.6 Cleanup title references (HO)
 (/home/user/.TinyTeX/texmf-dist/tex/latex/kvoptions/kvoptions.sty
Package: kvoptions 2022-06-15 v3.15 Key value format for package options (HO)
))
\c@section@level=\count309
) (/home/user/.TinyTeX/texmf-dist/tex/generic/stringenc/stringenc.sty
Package: stringenc 2019/11/29 v1.12 Convert strings between diff. encodings (HO)
)
\@linkdim=\dimen179
\Hy@linkcounter=\count310
\Hy@pagecounter=\count311
 (/home/user/.TinyTeX/texmf-dist/tex/latex/hyperref/pd1enc.def
File: pd1enc.def 2026-01-29 v7.01p Hyperref: PDFDocEncoding definition (HO)
Now handling font encoding PD1 ...
... no UTF-8 mapping file for font encoding PD1
) (/home/user/.TinyTeX/texmf-dist/tex/generic/intcalc/intcalc.sty
Package: intcalc 2019/12/15 v1.3 Expandable calculations with integers (HO)
)
\Hy@SavedSpaceFactor=\count312
 (/home/user/.TinyTeX/texmf-dist/tex/latex/hyperref/puenc.def
File: puenc.def 2026-01-29 v7.01p Hyperref: PDF Unicode definition (HO)
Now handling font encoding PU ...
... no UTF-8 mapping file for font encoding PU
)
Package hyperref Info: Option `colorlinks' set `true' on input line 4072.
Package hyperref Info: Hyper figures OFF on input line 4201.
Package hyperref Info: Link nesting OFF on input line 4206.
Package hyperref Info: Hyper index ON on input line 4209.
Package hyperref Info: Plain pages OFF on input line 4216.
Package hyperref Info: Backreferencing OFF on input line 4221.
Package hyperref Info: Implicit mode ON; LaTeX internals redefined.
Package hyperref Info: Bookmarks ON on input line 4468.
\c@Hy@tempcnt=\count313
 (/home/user/.TinyTeX/texmf-dist/tex/latex/url/url.sty
\Urlmuskip=\muskip18
Package: url 2013/09/16  ver 3.4  Verb mode for urls, etc.
)
LaTeX Info: Redefining \url on input line 4807.
\XeTeXLinkMargin=\dimen180
 (/home/user/.TinyTeX/texmf-dist/tex/generic/bitset/bitset.sty
Package: bitset 2019/12/09 v1.3 Handle bit-vector datatype (HO)
 (/home/user/.TinyTeX/texmf-dist/tex/generic/bigintcalc/bigintcalc.sty
Package: bigintcalc 2019/12/15 v1.5 Expandable calculations on big integers (HO)
))
\Fld@menulength=\count314
\Field@Width=\dimen181
\Fld@charsize=\dimen182
Package hyperref Info: Hyper figures OFF on input line 6084.
Package hyperref Info: Link nesting OFF on input line 6089.
Package hyperref Info: Hyper index ON on input line 6092.
Package hyperref Info: backreferencing OFF on input line 6099.
Package hyperref Info: Link coloring ON on input line 6102.
Package hyperref Info: Link coloring with OCG OFF on input line 6109.
Package hyperref Info: PDF/A mode OFF on input line 6114.
\Hy@abspage=\count315
\c@Item=\count316
\c@Hfootnote=\count317
)
Package hyperref Info: Driver (autodetected): hpdftex.
 (/home/user/.TinyTeX/texmf-dist/tex/latex/hyperref/hpdftex.def
File: hpdftex.def 2026-01-29 v7.01p Hyperref driver for pdfTeX
\Fld@listcount=\count318
\c@bookmark@seq@number=\count319
 (/home/user/.TinyTeX/texmf-dist/tex/latex/rerunfilecheck/rerunfilecheck.sty
Package: rerunfilecheck 2025-06-21 v1.11 Rerun checks for auxiliary files (HO)
 (/home/user/.TinyTeX/texmf-dist/tex/generic/uniquecounter/uniquecounter.sty
Package: uniquecounter 2019/12/15 v1.4 Provide unlimited unique counter (HO)
)
Package uniquecounter Info: New unique counter `rerunfilecheck' on input line 284.
)
\Hy@SectionHShift=\skip59
) (./cas-common.sty
\l_stm_title_before_dim=\dimen183
\l_stm_title_after_dim=\dimen184
\g_ead_int=\count320
\g_uad_int=\count321
\@eadauthor=\toks27
\g_stm_tnote_int=\count322
\g_stm_fnote_int=\count323
\g_stm_cor_int=\count324
\g_stm_au_int=\count325
\g_stm_aau_int=\count326
\l_autype_int=\count327
\l_stm_augroup_before_dim=\dimen185
\l_stm_augroup_after_dim=\dimen186
\l_stm_augroup_lskip_tl=\dimen187
\l_stm_augroup_rskip_tl=\dimen188
\g_stm_aff_int=\count328
\g_stm_aff_ext_int=\count329
\g_stm_aff_int_int=\count330
\g_stm_fn_aff_ext_int=\count331
\g_stm_fn_aff_int_int=\count332
\l_stm_aff_before_dim=\dimen189
\l_stm_aff_after_dim=\dimen190
\l_stm_aff_lskip_dim=\dimen191
\l_stm_aff_rskip_dim=\dimen192
\g_stm_augr_int=\count333
\g_stm_aaugr_int=\count334
 (/home/user/.TinyTeX/texmf-dist/tex/latex/moreverb/moreverb.sty
Package: moreverb 2008/06/03 v2.3a `more' verbatim facilities
 (/home/user/.TinyTeX/texmf-dist/tex/latex/tools/verbatim.sty
Package: verbatim 2024-01-22 v1.5x LaTeX2e package for verbatim enhancements
\every@verbatim=\toks28
\verbatim@line=\toks29
\verbatim@in@stream=\read2
)
\tab@position=\count335
\tab@size=\count336
\listing@line=\count337
)
\g_stm_abs_box=\box57
\casgrabsbox=\box58
\casauhlbox=\box59
\g_stm_key_box=\box60
\g_stm_jtype_int=\count338
\g_stm_blind_int=\count339
\c@au=\count340
\c@cnote=\count341
\c@tnote=\count342
\c@fnote=\count343
\c@aff=\count344
\g_stm_notes_box=\box61
\g_stm_front_box=\box62
\paraindent=\dimen193
\subparaindent=\dimen194
\FullWidth=\dimen195
\l_tbl_width_dim=\dimen196
\l_tbl_abovecap_skip=\skip60
\l_tbl_belowcap_skip=\skip61
\l_tbl_abovetbl_skip=\skip62
\l_tbl_belowtbl_skip=\skip63
\l_fig_width_dim=\dimen197
\cascaptionbox=\box63
\l_fig_abovecap_skip=\skip64
\l_fig_belowcap_skip=\skip65
\l_fig_abovefig_skip=\skip66
\l_fig_belowfig_skip=\skip67
 (/home/user/.TinyTeX/texmf-dist/tex/latex/wrapfig/wrapfig.sty
\wrapoverhang=\dimen198
\WF@size=\dimen199
\c@WF@wrappedlines=\count345
\WF@box=\box64
\WF@everypar=\toks30
Package: wrapfig 2003/01/31  v 3.6
)
\l_wrap_figwidth_dim=\dimen256
\l_wrap_fighspace_dim=\dimen257
\l_wrap_figvspace_dim=\dimen258
\l_wrap_fighcorr_dim=\dimen259
\l_wrap_figvcorr_dim=\dimen260
\l_above_bio_dim=\dimen261
\l_wrap_figlcorr_int=\count346
\l_wrap_figlines_int=\count347
\l_bio_text_box=\box65
\c@ca_biography_ctr=\count348
\l_ca_temp_inta=\count349
\leftMargin=\dimen262
\@enLab=\toks31
\@sep=\skip68
\@@sep=\skip69
) (/home/user/.TinyTeX/texmf-dist/tex/latex/base/fontenc.sty
Package: fontenc 2025/07/18 v2.1d Standard LaTeX package
) (/home/user/.TinyTeX/texmf-dist/tex/latex/stix/stix.sty
Package: stix 2018/04/17 v1.1.3-latex STIX fonts support package
 (/home/user/.TinyTeX/texmf-dist/tex/latex/base/textcomp.sty
Package: textcomp 2024/04/24 v2.1b Standard LaTeX package
LaTeX Font Info:    Changing ? sub-encoding to TS1/0 on input line 75.
)
LaTeX Encoding Info:    Text command \textpertenthousand (encoding T1) is not declared on input line 51.
LaTeX Encoding Info:    Redeclaring text command \textpertenthousand (encoding ?) on input line 52.
Now handling font encoding LS1 ...
... no UTF-8 mapping file for font encoding LS1
Now handling font encoding LS2 ...
... no UTF-8 mapping file for font encoding LS2
LaTeX Font Info:    Redeclaring symbol font `letters' on input line 76.
LaTeX Font Info:    Encoding `OML' has changed to `LS1' for symbol font
(Font)              `letters' in the math version `normal' on input line 76.
LaTeX Font Info:    Overwriting symbol font `letters' in version `normal'
(Font)                  OML/cmm/m/it --> LS1/stix/m/it on input line 76.
LaTeX Font Info:    Encoding `OML' has changed to `LS1' for symbol font
(Font)              `letters' in the math version `bold' on input line 76.
LaTeX Font Info:    Overwriting symbol font `letters' in version `bold'
(Font)                  OML/cmm/b/it --> LS1/stix/m/it on input line 76.
LaTeX Font Info:    Redeclaring symbol font `operators' on input line 77.
LaTeX Font Info:    Encoding `OT1' has changed to `LS1' for symbol font
(Font)              `operators' in the math version `normal' on input line 77.
LaTeX Font Info:    Overwriting symbol font `operators' in version `normal'
(Font)                  OT1/cmr/m/n --> LS1/stix/m/n on input line 77.
LaTeX Font Info:    Encoding `OT1' has changed to `LS1' for symbol font
(Font)              `operators' in the math version `bold' on input line 77.
LaTeX Font Info:    Overwriting symbol font `operators' in version `bold'
(Font)                  OT1/cmr/bx/n --> LS1/stix/m/n on input line 77.
\symbold-operators=\mathgroup6
LaTeX Font Info:    Redeclaring symbol font `symbols' on input line 79.
LaTeX Font Info:    Encoding `OMS' has changed to `LS1' for symbol font
(Font)              `symbols' in the math version `normal' on input line 79.
LaTeX Font Info:    Overwriting symbol font `symbols' in version `normal'
(Font)                  OMS/cmsy/m/n --> LS1/stixscr/m/n on input line 79.
LaTeX Font Info:    Encoding `OMS' has changed to `LS1' for symbol font
(Font)              `symbols' in the math version `bold' on input line 79.
LaTeX Font Info:    Overwriting symbol font `symbols' in version `bold'
(Font)                  OMS/cmsy/b/n --> LS1/stixscr/m/n on input line 79.
\symsymbols2=\mathgroup7
\symsymbols3=\mathgroup8
\symsymbols4=\mathgroup9
\symintegrals=\mathgroup10
LaTeX Font Info:    Redeclaring symbol font `largesymbols' on input line 84.
LaTeX Font Info:    Encoding `OMX' has changed to `LS2' for symbol font
(Font)              `largesymbols' in the math version `normal' on input line 84.
LaTeX Font Info:    Overwriting symbol font `largesymbols' in version `normal'
(Font)                  OMX/cmex/m/n --> LS2/stixex/m/n on input line 84.
LaTeX Font Info:    Encoding `OMX' has changed to `LS2' for symbol font
(Font)              `largesymbols' in the math version `bold' on input line 84.
LaTeX Font Info:    Overwriting symbol font `largesymbols' in version `bold'
(Font)                  OMX/cmex/m/n --> LS2/stixex/m/n on input line 84.
\symarrows1=\mathgroup11
\symarrows2=\mathgroup12
\symarrows3=\mathgroup13
LaTeX Font Info:    Overwriting symbol font `letters' in version `bold'
(Font)                  LS1/stix/m/it --> LS1/stix/b/it on input line 88.
LaTeX Font Info:    Overwriting symbol font `operators' in version `bold'
(Font)                  LS1/stix/m/n --> LS1/stix/b/n on input line 89.
LaTeX Font Info:    Overwriting symbol font `symbols' in version `bold'
(Font)                  LS1/stixscr/m/n --> LS1/stixscr/b/n on input line 90.
LaTeX Font Info:    Overwriting symbol font `symbols2' in version `bold'
(Font)                  LS1/stixfrak/m/n --> LS1/stixfrak/b/n on input line 91.
LaTeX Font Info:    Overwriting symbol font `symbols3' in version `bold'
(Font)                  LS1/stixbb/m/n --> LS1/stixbb/b/n on input line 92.
LaTeX Font Info:    Overwriting symbol font `symbols4' in version `bold'
(Font)                  LS1/stixbb/m/it --> LS1/stixbb/b/it on input line 93.
LaTeX Font Info:    Overwriting symbol font `integrals' in version `bold'
(Font)                  LS2/stixcal/m/n --> LS2/stixcal/b/n on input line 94.
LaTeX Font Info:    Overwriting symbol font `largesymbols' in version `bold'
(Font)                  LS2/stixex/m/n --> LS2/stixex/b/n on input line 95.
LaTeX Font Info:    Overwriting symbol font `arrows1' in version `bold'
(Font)                  LS1/stixsf/m/n --> LS1/stixsf/b/n on input line 96.
LaTeX Font Info:    Overwriting symbol font `arrows2' in version `bold'
(Font)                  LS1/stixsf/m/it --> LS1/stixsf/b/it on input line 97.
LaTeX Font Info:    Overwriting symbol font `arrows3' in version `bold'
(Font)                  LS2/stixtt/m/n --> LS2/stixtt/b/n on input line 98.
LaTeX Font Info:    Redeclaring math alphabet \mathit on input line 99.
LaTeX Font Info:    Redeclaring math alphabet \mathfrak on input line 102.
LaTeX Font Info:    Redeclaring math alphabet \mathsf on input line 106.
LaTeX Font Info:    Redeclaring math alphabet \mathtt on input line 108.
LaTeX Font Info:    Redeclaring math alphabet \mathbf on input line 109.
LaTeX Info: Redefining \yen on input line 456.
LaTeX Info: Redefining \circledR on input line 458.
LaTeX Info: Redefining \checkmark on input line 460.
LaTeX Info: Redefining \maltese on input line 461.
LaTeX Font Info:    Redeclaring math accent \grave on input line 698.
LaTeX Font Info:    Redeclaring math accent \acute on input line 699.
LaTeX Font Info:    Redeclaring math accent \hat on input line 700.
LaTeX Font Info:    Redeclaring math accent \tilde on input line 701.
LaTeX Font Info:    Redeclaring math accent \bar on input line 702.
LaTeX Font Info:    Redeclaring math accent \breve on input line 703.
LaTeX Font Info:    Redeclaring math accent \dot on input line 704.
LaTeX Font Info:    Redeclaring math accent \ddot on input line 705.
LaTeX Font Info:    Redeclaring math accent \mathring on input line 707.
LaTeX Font Info:    Redeclaring math accent \check on input line 708.
LaTeX Font Info:    Redeclaring math accent \vec on input line 716.
LaTeX Font Info:    Redeclaring math accent \widehat on input line 728.
LaTeX Font Info:    Redeclaring math accent \widetilde on input line 729.
LaTeX Info: Redefining \vdots on input line 1518.
LaTeX Info: Redefining \cdots on input line 1522.
LaTeX Font Info:    Redeclaring math symbol \mathsterling on input line 1978.
LaTeX Info: Redefining \not on input line 2144.
) (/home/user/.TinyTeX/texmf-dist/tex/latex/geometry/geometry.sty
Package: geometry 2026/03/07 v6.0 Page Geometry
 (/home/user/.TinyTeX/texmf-dist/tex/generic/iftex/ifvtex.sty
Package: ifvtex 2019/10/25 v1.7 ifvtex legacy package. Use iftex instead.
)
\Gm@cnth=\count350
\Gm@cntv=\count351
\c@Gm@tempcnt=\count352
\Gm@bindingoffset=\dimen263
\Gm@wd@mp=\dimen264
\Gm@odd@mp=\dimen265
\Gm@even@mp=\dimen266
\Gm@layoutwidth=\dimen267
\Gm@layoutheight=\dimen268
\Gm@layouthoffset=\dimen269
\Gm@layoutvoffset=\dimen270
\Gm@dimlist=\toks32
)) (/home/user/.TinyTeX/texmf-dist/tex/generic/soul/soul.sty
Package: soul 2026-03-06 v3.2 Permit use of UTF-8 characters in soul (HO)
 (/home/user/.TinyTeX/texmf-dist/tex/generic/soul/soul-ori.sty
Package: soul-ori 2026-03-06 v3.2 letterspacing/underlining (mf)
\SOUL@word=\toks33
\SOUL@lasttoken=\toks34
\SOUL@syllable=\toks35
\SOUL@cmds=\toks36
\SOUL@buffer=\toks37
\SOUL@token=\toks38
\SOUL@syllgoal=\dimen271
\SOUL@syllwidth=\dimen272
\SOUL@charkern=\dimen273
\SOUL@hyphkern=\dimen274
\SOUL@dimen=\dimen275
\SOUL@dimeni=\dimen276
\SOUL@minus=\count353
\SOUL@comma=\count354
\SOUL@apo=\count355
\SOUL@grave=\count356
\SOUL@spaceskip=\skip70
\SOUL@ttwidth=\dimen277
\SOUL@uldp=\dimen278
\SOUL@ulht=\dimen279
) (/home/user/.TinyTeX/texmf-dist/tex/generic/etexcmds/etexcmds.sty
Package: etexcmds 2019/12/15 v1.7 Avoid name clashes with e-TeX commands (HO)
)) (/home/user/.TinyTeX/texmf-dist/tex/latex/natbib/natbib.sty
Package: natbib 2010/09/13 8.31b (PWD, AO)
\bibhang=\skip71
\bibsep=\skip72
LaTeX Info: Redefining \cite on input line 694.
\c@NAT@ctr=\count357
) (/home/user/.TinyTeX/texmf-dist/tex/latex/caption/caption.sty
Package: caption 2023/08/05 v3.6o Customizing captions (AR)
 (/home/user/.TinyTeX/texmf-dist/tex/latex/caption/caption3.sty
Package: caption3 2023/07/31 v2.4d caption3 kernel (AR)
\caption@tempdima=\dimen280
\captionmargin=\dimen281
\caption@leftmargin=\dimen282
\caption@rightmargin=\dimen283
\caption@width=\dimen284
\caption@indent=\dimen285
\caption@parindent=\dimen286
\caption@hangindent=\dimen287
Package caption Info: Standard document class detected.
)
\c@caption@flags=\count358
\c@continuedfloat=\count359
Package caption Info: hyperref package is loaded.
Package caption Info: wrapfig package is loaded.
) (/home/user/.TinyTeX/texmf-dist/tex/latex/algorithm2e/algorithm2e.sty
Package: algorithm2e 2017/07/18 v5.2 algorithms environments
\c@AlgoLine=\count360
 (/home/user/.TinyTeX/texmf-dist/tex/latex/base/ifthen.sty
Package: ifthen 2024/03/16 v1.1e Standard LaTeX ifthen package (DPC)
)
\algocf@hangindent=\skip73
 (/home/user/.TinyTeX/texmf-dist/tex/latex/ifoddpage/ifoddpage.sty
Package: ifoddpage 2022/10/18 v1.2 Conditionals for odd/even page detection
\c@checkoddpage=\count361
) (/home/user/.TinyTeX/texmf-dist/tex/latex/relsize/relsize.sty
Package: relsize 2013/03/29 ver 4.1
)
\skiptotal=\skip74
\skiplinenumber=\skip75
\skiprule=\skip76
\skiphlne=\skip77
\skiptext=\skip78
\skiplength=\skip79
\algomargin=\skip80
\skipalgocfslide=\skip81
\algowidth=\dimen288
\inoutsize=\dimen289
\inoutindent=\dimen290
\interspacetitleruled=\dimen291
\interspacealgoruled=\dimen292
\interspacetitleboxruled=\dimen293
\algocf@ruledwidth=\skip82
\algocf@inoutbox=\box66
\algocf@inputbox=\box67
\AlCapSkip=\skip83
\AlCapHSkip=\skip84
\algoskipindent=\skip85
\algocf@nlbox=\box68
\algocf@hangingbox=\box69
\algocf@untilbox=\box70
\algocf@skipuntil=\skip86
\algocf@capbox=\box71
\algocf@lcaptionbox=\skip87
\algoheightruledefault=\skip88
\algoheightrule=\skip89
\algotitleheightruledefault=\skip90
\algotitleheightrule=\skip91
\c@algocfline=\count362
\c@algocfproc=\count363
\c@algocf=\count364
\algocf@algoframe=\box72
\algocf@algobox=\box73
) (/home/user/.TinyTeX/texmf-dist/tex/latex/epstopdf-pkg/epstopdf.sty
Package: epstopdf 2020-01-24 v2.11 Conversion with epstopdf on the fly (HO)
 (/home/user/.TinyTeX/texmf-dist/tex/latex/grfext/grfext.sty
Package: grfext 2019/12/03 v1.3 Manage graphics extensions (HO)
) (/home/user/.TinyTeX/texmf-dist/tex/latex/epstopdf-pkg/epstopdf-base.sty
Package: epstopdf-base 2020-01-24 v2.11 Base part for package epstopdf
Package epstopdf-base Info: Redefining graphics rule for `.eps' on input line 485.
Package grfext Info: Graphics extension search list:
(grfext)             [.pdf,.png,.jpg,.mps,.jpeg,.jbig2,.jb2,.PDF,.PNG,.JPG,.JPEG,.JBIG2,.JB2,.eps]
(grfext)             \AppendGraphicsExtensions on input line 504.
 (/home/user/.TinyTeX/texmf-dist/tex/latex/latexconfig/epstopdf-sys.cfg
File: epstopdf-sys.cfg 2010/07/13 v1.3 Configuration of (r)epstopdf for TeX Live
))) (/home/user/.TinyTeX/texmf-dist/tex/latex/subfigure/subfigure.sty
Package: subfigure 2002/03/15 v2.1.5 subfigure package
\subfigtopskip=\skip92
\subfigcapskip=\skip93
\subfigcaptopadj=\dimen294
\subfigbottomskip=\skip94
\subfigcapmargin=\dimen295
\subfiglabelskip=\skip95
\c@subfigure=\count365
\c@lofdepth=\count366
\c@subtable=\count367
\c@lotdepth=\count368

****************************************
* Local config file subfigure.cfg used *
****************************************
(/home/user/.TinyTeX/texmf-dist/tex/latex/subfigure/subfigure.cfg)
\subfig@top=\skip96
\subfig@bottom=\skip97
) (/home/user/.TinyTeX/texmf-dist/tex/latex/jknapltx/mathrsfs.sty
Package: mathrsfs 1996/01/01 Math RSFS package v1.0 (jk)
\symrsfs=\mathgroup14
) (/home/user/.TinyTeX/texmf-dist/tex/latex/amscls/amsthm.sty
Package: amsthm 2020/05/29 v2.20.6
\thm@style=\toks39
\thm@bodyfont=\toks40
\thm@headfont=\toks41
\thm@notefont=\toks42
\thm@headpunct=\toks43
\thm@preskip=\skip98
\thm@postskip=\skip99
\thm@headsep=\skip100
\dth@everypar=\toks44
LaTeX Info: Redefining \qed on input line 273.
)
\c@myDef=\count369
\c@myTheo=\count370
\c@mypro=\count371
\c@myex=\count372
 (/home/user/.TinyTeX/texmf-dist/tex/latex/threeparttable/threeparttable.sty
Package: threeparttable 2003/06/13  v 3.0
\@tempboxb=\box74
) (/home/user/.TinyTeX/texmf-dist/tex/latex/algorithmicx/algpseudocode.sty
Package: algpseudocode 
 (/home/user/.TinyTeX/texmf-dist/tex/latex/algorithmicx/algorithmicx.sty
Package: algorithmicx 2005/04/27 v1.2 Algorithmicx

Document Style algorithmicx 1.2 - a greatly improved `algorithmic' style
\c@ALG@line=\count373
\c@ALG@rem=\count374
\c@ALG@nested=\count375
\ALG@tlm=\skip101
\ALG@thistlm=\skip102
\c@ALG@Lnr=\count376
\c@ALG@blocknr=\count377
\c@ALG@storecount=\count378
\c@ALG@tmpcounter=\count379
\ALG@tmplength=\skip103
)
Document Style - pseudocode environments for use with the `algorithmicx' style
)
Package hyperref Info: Option `colorlinks' set `true' on input line 67.
\c@remark=\count380
 (/home/user/.TinyTeX/texmf-dist/tex/latex/float/float.sty
Package: float 2001/11/08 v1.3d Float enhancements (AL)
\c@float@type=\count381
\float@exts=\toks45
\float@box=\box75
\@float@everytoks=\toks46
\@floatcapt=\box76
)
\@float@every@figure=\toks47
LaTeX Font Info:    Trying to load font information for T1+stix on input line 81.
 (/home/user/.TinyTeX/texmf-dist/tex/latex/stix/t1stix.fd
File: t1stix.fd 2015/04/17 v1.1.2-latex STIX T1 font definitions
) (./main.aux)
\openout1 = `main.aux'.

LaTeX Font Info:    Checking defaults for OML/cmm/m/it on input line 81.
LaTeX Font Info:    ... okay on input line 81.
LaTeX Font Info:    Checking defaults for OMS/cmsy/m/n on input line 81.
LaTeX Font Info:    ... okay on input line 81.
LaTeX Font Info:    Checking defaults for OT1/cmr/m/n on input line 81.
LaTeX Font Info:    ... okay on input line 81.
LaTeX Font Info:    Checking defaults for T1/cmr/m/n on input line 81.
LaTeX Font Info:    ... okay on input line 81.
LaTeX Font Info:    Checking defaults for TS1/cmr/m/n on input line 81.
LaTeX Font Info:    ... okay on input line 81.
LaTeX Font Info:    Checking defaults for OMX/cmex/m/n on input line 81.
LaTeX Font Info:    ... okay on input line 81.
LaTeX Font Info:    Checking defaults for U/cmr/m/n on input line 81.
LaTeX Font Info:    ... okay on input line 81.
LaTeX Font Info:    Checking defaults for PD1/pdf/m/n on input line 81.
LaTeX Font Info:    ... okay on input line 81.
LaTeX Font Info:    Checking defaults for PU/pdf/m/n on input line 81.
LaTeX Font Info:    ... okay on input line 81.
LaTeX Font Info:    Checking defaults for LS1/stix/m/n on input line 81.
LaTeX Font Info:    Trying to load font information for LS1+stix on input line 81.
 (/home/user/.TinyTeX/texmf-dist/tex/latex/stix/ls1stix.fd
File: ls1stix.fd 2015/04/17 v1.1.2-latex STIX LS1 font definitions
)
LaTeX Font Info:    ... okay on input line 81.
LaTeX Font Info:    Checking defaults for LS2/stix/m/n on input line 81.
LaTeX Font Info:    Trying to load font information for LS2+stix on input line 81.
 (/home/user/.TinyTeX/texmf-dist/tex/latex/stix/ls2stix.fd
File: ls2stix.fd 2015/04/17 v1.1.2-latex STIX LS2 font definitions
)
LaTeX Font Info:    ... okay on input line 81.
 (/home/user/.TinyTeX/texmf-dist/tex/context/base/mkii/supp-pdf.mkii
[Loading MPS to PDF converter (version 2006.09.02).]
\scratchcounter=\count382
\scratchdimen=\dimen296
\scratchbox=\box77
\nofMPsegments=\count383
\nofMParguments=\count384
\everyMPshowfont=\toks48
\MPscratchCnt=\count385
\MPscratchDim=\dimen297
\MPnumerator=\count386
\makeMPintoPDFobject=\count387
\everyMPtoPDFconversion=\toks49
)
LaTeX Info: Command `\dddot' is already robust on input line 81.
LaTeX Info: Command `\ddddot' is already robust on input line 81.
Package hyperref Info: Link coloring ON on input line 81.
 (./main.out) (./main.out)
\@outlinefile=\write3
\openout3 = `main.out'.


*geometry* driver: auto-detecting
*geometry* detected driver: pdftex
*geometry* verbose mode - [ preamble ] result:
* driver: pdftex
* paper: custom
* layout: <same size as paper>
* layoutoffset:(h,v)=(0.0pt,0.0pt)
* modes: 
* h-part:(L,W,R)=(38.98026pt, 468.3324pt, 38.98026pt)
* v-part:(T,H,B)=(54.06023pt, 637.34175pt, 54.06023pt)
* \paperwidth=546.29291pt
* \paperheight=745.4622pt
* \textwidth=468.3324pt
* \textheight=637.34175pt
* \oddsidemargin=-33.28973pt
* \evensidemargin=-33.28973pt
* \topmargin=-42.20976pt
* \headheight=12.0pt
* \headsep=12.0pt
* \topskip=10.0pt
* \footskip=12.0pt
* \marginparwidth=57.0pt
* \marginparsep=11.0pt
* \columnsep=10.0pt
* \skip\footins=9.0pt plus 4.0pt minus 2.0pt
* \hoffset=0.0pt
* \voffset=0.0pt
* \mag=1000
* \@twocolumnfalse
* \@twosidefalse
* \@mparswitchfalse
* \@reversemarginfalse
* (1in=72.27pt=25.4mm, 1cm=28.453pt)

Package caption Info: Begin \AtBeginDocument code.
Package caption Info: float package is loaded.
Package caption Info: subfigure package is loaded.
Package caption Info: threeparttable package is loaded.
Package caption Info: End \AtBeginDocument code.
\verbatim@out=\write4
\openout4 = `main.abs'.


Overfull \hbox (1.15686pt too wide) in paragraph at lines 144--144
[]\T1/stix/m/n/8 Large Marginal Dis-tri-bu-tion Ma-chine 
 []

LaTeX Font Info:    Trying to load font information for LS1+stixscr on input line 147.
(/home/user/.TinyTeX/texmf-dist/tex/latex/stix/ls1stixscr.fd
File: ls1stixscr.fd 2015/04/17 v1.1.2-latex STIX script LS1 font definitions
)
LaTeX Font Info:    Trying to load font information for LS2+stixex on input line 147.
 (/home/user/.TinyTeX/texmf-dist/tex/latex/stix/ls2stixex.fd
File: ls2stixex.fd 2015/04/17 v1.1.2-latex STIX extentions LS2 font definitions
)
LaTeX Font Info:    Trying to load font information for U+msa on input line 147.
 (/home/user/.TinyTeX/texmf-dist/tex/latex/amsfonts/umsa.fd
File: umsa.fd 2013/01/14 v3.01 AMS symbols A
)
LaTeX Font Info:    Trying to load font information for U+msb on input line 147.
 (/home/user/.TinyTeX/texmf-dist/tex/latex/amsfonts/umsb.fd
File: umsb.fd 2013/01/14 v3.01 AMS symbols B
)
LaTeX Font Info:    Trying to load font information for LS1+stixfrak on input line 147.
 (/home/user/.TinyTeX/texmf-dist/tex/latex/stix/ls1stixfrak.fd
File: ls1stixfrak.fd 2015/04/17 v1.1.2-latex STIX fraktur LS1 font definitions
)
LaTeX Font Info:    Trying to load font information for LS1+stixbb on input line 147.
 (/home/user/.TinyTeX/texmf-dist/tex/latex/stix/ls1stixbb.fd
File: ls1stixbb.fd 2015/04/17 v1.1.2-latex STIX blackboard LS1 font definitions
)
LaTeX Font Info:    Trying to load font information for LS2+stixcal on input line 147.
 (/home/user/.TinyTeX/texmf-dist/tex/latex/stix/ls2stixcal.fd
File: ls2stixcal.fd 2015/04/17 v1.1.2-latex STIX calligraphic LS2 font definitions
)
LaTeX Font Info:    Trying to load font information for LS1+stixsf on input line 147.
 (/home/user/.TinyTeX/texmf-dist/tex/latex/stix/ls1stixsf.fd
File: ls1stixsf.fd 2015/04/17 v1.1.2-latex STIX sans-serif LS1 font definitions
)
LaTeX Font Info:    Trying to load font information for LS2+stixtt on input line 147.
 (/home/user/.TinyTeX/texmf-dist/tex/latex/stix/ls2stixtt.fd
File: ls2stixtt.fd 2015/04/17 v1.1.2-latex STIX typewriter LS2 font definitions
)
LaTeX Font Info:    Trying to load font information for U+rsfs on input line 147.
 (/home/user/.TinyTeX/texmf-dist/tex/latex/jknapltx/ursfs.fd
File: ursfs.fd 1998/03/24 rsfs font definition file (jk)
)
Overfull \hbox (117.0831pt too wide) detected at line 147
[]
 []

(./main.abs)

Package hyperref Warning: Ignoring empty anchor on input line 147.


Package hyperref Warning: Ignoring empty anchor on input line 147.

[1

{/home/user/.TinyTeX/texmf-var/fonts/map/pdftex/updmap/pdftex.map}{/home/user/.TinyTeX/texmf-dist/fonts/enc/dvips/stix/stix-t1.enc}]

LaTeX Font Warning: Font shape `U/rsfs/m/n' in size <7.5> not available
(Font)              size <7> substituted on input line 174.

[2] [3]
<loss.pdf, id=177, 330.78804pt x 288.66907pt>
File: loss.pdf Graphic file (type pdf)
<use loss.pdf>
Package pdftex.def Info: loss.pdf  used on input line 289.
(pdftex.def)             Requested size: 227.62204pt x 198.64009pt.
 [4 <./loss.pdf>]
LaTeX Font Info:    Trying to load font information for TS1+stix on input line 350.
 (/home/user/.TinyTeX/texmf-dist/tex/latex/stix/ts1stix.fd
File: ts1stix.fd 2015/04/17 v1.1.2-latex STIX TS1 font definitions
) [5{/home/user/.TinyTeX/texmf-dist/fonts/enc/dvips/stix/stix-ts1.enc}]
<Figure/fig_2.png, id=263, 582.759pt x 245.499pt>
File: Figure/fig_2.png Graphic file (type png)
<use Figure/fig_2.png>
Package pdftex.def Info: Figure/fig_2.png  used on input line 413.
(pdftex.def)             Requested size: 426.79134pt x 179.7934pt.
 [6 <./Figure/fig_2.png>] [7] [8] [9] [10]
Package epstopdf Info: Source file: <1-23.eps>
(epstopdf)                    date: 2026-09-22 11:33:57
(epstopdf)                    size: 44701 bytes
(epstopdf)             Output file: <build/1-23-eps-converted-to.pdf>
(epstopdf)                    date: 2026-09-23 11:25:39
(epstopdf)                    size: 27937 bytes
(epstopdf)             Command: <repstopdf --outfile=build/1-23-eps-converted-to.pdf 1-23.eps>
(epstopdf)             \includegraphics on input line 876.
Package epstopdf Info: Output file is already uptodate.
<build/1-23-eps-converted-to.pdf, id=371, 330.23375pt x 235.88126pt>
File: build/1-23-eps-converted-to.pdf Graphic file (type pdf)
<use build/1-23-eps-converted-to.pdf>
Package pdftex.def Info: build/1-23-eps-converted-to.pdf  used on input line 876.
(pdftex.def)             Requested size: 113.81102pt x 81.29272pt.
Package epstopdf Info: Source file: <1-32.eps>
(epstopdf)                    date: 2026-09-22 11:33:57
(epstopdf)                    size: 66297 bytes
(epstopdf)             Output file: <build/1-32-eps-converted-to.pdf>
(epstopdf)                    date: 2026-09-23 11:25:40
(epstopdf)                    size: 52116 bytes
(epstopdf)             Command: <repstopdf --outfile=build/1-32-eps-converted-to.pdf 1-32.eps>
(epstopdf)             \includegraphics on input line 879.
Package epstopdf Info: Output file is already uptodate.
<build/1-32-eps-converted-to.pdf, id=372, 330.23375pt x 235.88126pt>
File: build/1-32-eps-converted-to.pdf Graphic file (type pdf)
<use build/1-32-eps-converted-to.pdf>
Package pdftex.def Info: build/1-32-eps-converted-to.pdf  used on input line 879.
(pdftex.def)             Requested size: 113.81102pt x 81.29272pt.
Package epstopdf Info: Source file: <1-43.eps>
(epstopdf)                    date: 2026-09-22 11:33:57
(epstopdf)                    size: 50278 bytes
(epstopdf)             Output file: <build/1-43-eps-converted-to.pdf>
(epstopdf)                    date: 2026-09-23 11:25:40
(epstopdf)                    size: 37913 bytes
(epstopdf)             Command: <repstopdf --outfile=build/1-43-eps-converted-to.pdf 1-43.eps>
(epstopdf)             \includegraphics on input line 882.
Package epstopdf Info: Output file is already uptodate.
<build/1-43-eps-converted-to.pdf, id=373, 330.23375pt x 235.88126pt>
File: build/1-43-eps-converted-to.pdf Graphic file (type pdf)
<use build/1-43-eps-converted-to.pdf>
Package pdftex.def Info: build/1-43-eps-converted-to.pdf  used on input line 882.
(pdftex.def)             Requested size: 113.81102pt x 81.29272pt.
Package epstopdf Info: Source file: <1-52.eps>
(epstopdf)                    date: 2026-09-22 11:33:57
(epstopdf)                    size: 52253 bytes
(epstopdf)             Output file: <build/1-52-eps-converted-to.pdf>
(epstopdf)                    date: 2026-09-23 11:25:41
(epstopdf)                    size: 31422 bytes
(epstopdf)             Command: <repstopdf --outfile=build/1-52-eps-converted-to.pdf 1-52.eps>
(epstopdf)             \includegraphics on input line 885.
Package epstopdf Info: Output file is already uptodate.
<build/1-52-eps-converted-to.pdf, id=374, 330.23375pt x 235.88126pt>
File: build/1-52-eps-converted-to.pdf Graphic file (type pdf)
<use build/1-52-eps-converted-to.pdf>
Package pdftex.def Info: build/1-52-eps-converted-to.pdf  used on input line 885.
(pdftex.def)             Requested size: 113.81102pt x 81.29272pt.
Package epstopdf Info: Source file: <1-22.eps>
(epstopdf)                    date: 2026-09-22 11:33:57
(epstopdf)                    size: 42467 bytes
(epstopdf)             Output file: <build/1-22-eps-converted-to.pdf>
(epstopdf)                    date: 2026-09-23 11:25:41
(epstopdf)                    size: 27966 bytes
(epstopdf)             Command: <repstopdf --outfile=build/1-22-eps-converted-to.pdf 1-22.eps>
(epstopdf)             \includegraphics on input line 888.
Package epstopdf Info: Output file is already uptodate.
<build/1-22-eps-converted-to.pdf, id=375, 330.23375pt x 235.88126pt>
File: build/1-22-eps-converted-to.pdf Graphic file (type pdf)
<use build/1-22-eps-converted-to.pdf>
Package pdftex.def Info: build/1-22-eps-converted-to.pdf  used on input line 888.
(pdftex.def)             Requested size: 113.81102pt x 81.29272pt.
Package epstopdf Info: Source file: <1-33.eps>
(epstopdf)                    date: 2026-09-22 11:33:57
(epstopdf)                    size: 50995 bytes
(epstopdf)             Output file: <build/1-33-eps-converted-to.pdf>
(epstopdf)                    date: 2026-09-23 11:25:42
(epstopdf)                    size: 35885 bytes
(epstopdf)             Command: <repstopdf --outfile=build/1-33-eps-converted-to.pdf 1-33.eps>
(epstopdf)             \includegraphics on input line 891.
Package epstopdf Info: Output file is already uptodate.
<build/1-33-eps-converted-to.pdf, id=376, 330.23375pt x 235.88126pt>
File: build/1-33-eps-converted-to.pdf Graphic file (type pdf)
<use build/1-33-eps-converted-to.pdf>
Package pdftex.def Info: build/1-33-eps-converted-to.pdf  used on input line 891.
(pdftex.def)             Requested size: 113.81102pt x 81.29272pt.
Package epstopdf Info: Source file: <1-42.eps>
(epstopdf)                    date: 2026-09-22 11:33:57
(epstopdf)                    size: 47456 bytes
(epstopdf)             Output file: <build/1-42-eps-converted-to.pdf>
(epstopdf)                    date: 2026-09-23 11:25:42
(epstopdf)                    size: 28898 bytes
(epstopdf)             Command: <repstopdf --outfile=build/1-42-eps-converted-to.pdf 1-42.eps>
(epstopdf)             \includegraphics on input line 894.
Package epstopdf Info: Output file is already uptodate.
<build/1-42-eps-converted-to.pdf, id=377, 330.23375pt x 235.88126pt>
File: build/1-42-eps-converted-to.pdf Graphic file (type pdf)
<use build/1-42-eps-converted-to.pdf>
Package pdftex.def Info: build/1-42-eps-converted-to.pdf  used on input line 894.
(pdftex.def)             Requested size: 113.81102pt x 81.29272pt.
Package epstopdf Info: Source file: <1-53.eps>
(epstopdf)                    date: 2026-09-22 11:33:57
(epstopdf)                    size: 47535 bytes
(epstopdf)             Output file: <build/1-53-eps-converted-to.pdf>
(epstopdf)                    date: 2026-09-23 11:25:42
(epstopdf)                    size: 33158 bytes
(epstopdf)             Command: <repstopdf --outfile=build/1-53-eps-converted-to.pdf 1-53.eps>
(epstopdf)             \includegraphics on input line 897.
Package epstopdf Info: Output file is already uptodate.
<build/1-53-eps-converted-to.pdf, id=378, 330.23375pt x 235.88126pt>
File: build/1-53-eps-converted-to.pdf Graphic file (type pdf)
<use build/1-53-eps-converted-to.pdf>
Package pdftex.def Info: build/1-53-eps-converted-to.pdf  used on input line 897.
(pdftex.def)             Requested size: 113.81102pt x 81.29272pt.
Package epstopdf Info: Source file: <1-21.eps>
(epstopdf)                    date: 2026-09-22 11:33:57
(epstopdf)                    size: 49180 bytes
(epstopdf)             Output file: <build/1-21-eps-converted-to.pdf>
(epstopdf)                    date: 2026-09-23 11:25:43
(epstopdf)                    size: 44507 bytes
(epstopdf)             Command: <repstopdf --outfile=build/1-21-eps-converted-to.pdf 1-21.eps>
(epstopdf)             \includegraphics on input line 900.
Package epstopdf Info: Output file is already uptodate.
<build/1-21-eps-converted-to.pdf, id=379, 330.23375pt x 235.88126pt>
File: build/1-21-eps-converted-to.pdf Graphic file (type pdf)
<use build/1-21-eps-converted-to.pdf>
Package pdftex.def Info: build/1-21-eps-converted-to.pdf  used on input line 900.
(pdftex.def)             Requested size: 113.81102pt x 81.29272pt.
Package epstopdf Info: Source file: <1-31.eps>
(epstopdf)                    date: 2026-09-22 11:33:57
(epstopdf)                    size: 37435 bytes
(epstopdf)             Output file: <build/1-31-eps-converted-to.pdf>
(epstopdf)                    date: 2026-09-23 11:25:43
(epstopdf)                    size: 19681 bytes
(epstopdf)             Command: <repstopdf --outfile=build/1-31-eps-converted-to.pdf 1-31.eps>
(epstopdf)             \includegraphics on input line 903.
Package epstopdf Info: Output file is already uptodate.
<build/1-31-eps-converted-to.pdf, id=380, 330.23375pt x 235.88126pt>
File: build/1-31-eps-converted-to.pdf Graphic file (type pdf)
<use build/1-31-eps-converted-to.pdf>
Package pdftex.def Info: build/1-31-eps-converted-to.pdf  used on input line 903.
(pdftex.def)             Requested size: 113.81102pt x 81.29272pt.
Package epstopdf Info: Source file: <1-41.eps>
(epstopdf)                    date: 2026-09-22 11:33:57
(epstopdf)                    size: 35175 bytes
(epstopdf)             Output file: <build/1-41-eps-converted-to.pdf>
(epstopdf)                    date: 2026-09-23 11:25:44
(epstopdf)                    size: 17495 bytes
(epstopdf)             Command: <repstopdf --outfile=build/1-41-eps-converted-to.pdf 1-41.eps>
(epstopdf)             \includegraphics on input line 906.
Package epstopdf Info: Output file is already uptodate.
<build/1-41-eps-converted-to.pdf, id=381, 330.23375pt x 235.88126pt>
File: build/1-41-eps-converted-to.pdf Graphic file (type pdf)
<use build/1-41-eps-converted-to.pdf>
Package pdftex.def Info: build/1-41-eps-converted-to.pdf  used on input line 906.
(pdftex.def)             Requested size: 113.81102pt x 81.29272pt.
Package epstopdf Info: Source file: <1-51.eps>
(epstopdf)                    date: 2026-09-22 11:33:57
(epstopdf)                    size: 25536 bytes
(epstopdf)             Output file: <build/1-51-eps-converted-to.pdf>
(epstopdf)                    date: 2026-09-23 11:25:44
(epstopdf)                    size: 12810 bytes
(epstopdf)             Command: <repstopdf --outfile=build/1-51-eps-converted-to.pdf 1-51.eps>
(epstopdf)             \includegraphics on input line 909.
Package epstopdf Info: Output file is already uptodate.
<build/1-51-eps-converted-to.pdf, id=382, 330.23375pt x 235.88126pt>
File: build/1-51-eps-converted-to.pdf Graphic file (type pdf)
<use build/1-51-eps-converted-to.pdf>
Package pdftex.def Info: build/1-51-eps-converted-to.pdf  used on input line 909.
(pdftex.def)             Requested size: 113.81102pt x 81.29272pt.


LaTeX Warning: `h' float specifier changed to `ht'.

Package epstopdf Info: Source file: <x1.eps>
(epstopdf)                    date: 2026-09-22 11:33:58
(epstopdf)                    size: 83322 bytes
(epstopdf)             Output file: <build/x1-eps-converted-to.pdf>
(epstopdf)                    date: 2026-09-23 11:25:44
(epstopdf)                    size: 24263 bytes
(epstopdf)             Command: <repstopdf --outfile=build/x1-eps-converted-to.pdf x1.eps>
(epstopdf)             \includegraphics on input line 921.
Package epstopdf Info: Output file is already uptodate.
<build/x1-eps-converted-to.pdf, id=383, 551.05875pt x 236.885pt>
File: build/x1-eps-converted-to.pdf Graphic file (type pdf)
<use build/x1-eps-converted-to.pdf>
Package pdftex.def Info: build/x1-eps-converted-to.pdf  used on input line 921.
(pdftex.def)             Requested size: 227.62204pt x 97.84999pt.
Package epstopdf Info: Source file: <y1.eps>
(epstopdf)                    date: 2026-09-22 11:33:58
(epstopdf)                    size: 86175 bytes
(epstopdf)             Output file: <build/y1-eps-converted-to.pdf>
(epstopdf)                    date: 2026-09-23 11:25:45
(epstopdf)                    size: 26029 bytes
(epstopdf)             Command: <repstopdf --outfile=build/y1-eps-converted-to.pdf y1.eps>
(epstopdf)             \includegraphics on input line 923.
Package epstopdf Info: Output file is already uptodate.
<build/y1-eps-converted-to.pdf, id=384, 551.05875pt x 236.885pt>
File: build/y1-eps-converted-to.pdf Graphic file (type pdf)
<use build/y1-eps-converted-to.pdf>
Package pdftex.def Info: build/y1-eps-converted-to.pdf  used on input line 923.
(pdftex.def)             Requested size: 227.62204pt x 97.84999pt.
Package epstopdf Info: Source file: <xx1.eps>
(epstopdf)                    date: 2026-09-22 11:33:58
(epstopdf)                    size: 83811 bytes
(epstopdf)             Output file: <build/xx1-eps-converted-to.pdf>
(epstopdf)                    date: 2026-09-23 11:25:45
(epstopdf)                    size: 24456 bytes
(epstopdf)             Command: <repstopdf --outfile=build/xx1-eps-converted-to.pdf xx1.eps>
(epstopdf)             \includegraphics on input line 927.
Package epstopdf Info: Output file is already uptodate.
<build/xx1-eps-converted-to.pdf, id=385, 551.05875pt x 236.885pt>
File: build/xx1-eps-converted-to.pdf Graphic file (type pdf)
<use build/xx1-eps-converted-to.pdf>
Package pdftex.def Info: build/xx1-eps-converted-to.pdf  used on input line 927.
(pdftex.def)             Requested size: 227.62204pt x 97.84999pt.
Package epstopdf Info: Source file: <yy1.eps>
(epstopdf)                    date: 2026-09-22 11:33:58
(epstopdf)                    size: 96439 bytes
(epstopdf)             Output file: <build/yy1-eps-converted-to.pdf>
(epstopdf)                    date: 2026-09-23 11:25:46
(epstopdf)                    size: 28602 bytes
(epstopdf)             Command: <repstopdf --outfile=build/yy1-eps-converted-to.pdf yy1.eps>
(epstopdf)             \includegraphics on input line 929.
Package epstopdf Info: Output file is already uptodate.
<build/yy1-eps-converted-to.pdf, id=386, 551.05875pt x 236.885pt>
File: build/yy1-eps-converted-to.pdf Graphic file (type pdf)
<use build/yy1-eps-converted-to.pdf>
Package pdftex.def Info: build/yy1-eps-converted-to.pdf  used on input line 929.
(pdftex.def)             Requested size: 227.62204pt x 97.84999pt.

LaTeX Warning: `h' float specifier changed to `ht'.


Underfull \hbox (badness 1062) in paragraph at lines 935--936
\LS1/stix/m/n/10 2[]\LS1/stix/m/it/10 ; \LS1/stix/m/n/10 2[]`]$\T1/stix/m/n/10 , $\LS1/stix/m/it/10 ^^[$ \T1/stix/m/n/10 (pa-ram-e-ter of Gaus-sian ker-nel) $\LS1/stix/m/n/10 Ë ^2[]\LS1/stix/m/it/10 ; \LS1/stix/m/n/10 2[]\LS1/stix/m/it/10 ; :::; \LS1/stix/m/n/10 2[]`$\T1/stix/m/n/10 , $\LS1/stix/m/it/10 ^^\ \LS1/stix/m/n/10 Ë$\T1/stix/m/n/10 {-1,-0.99,-0.98,...,0,0.01,0.02,...,1}, $\LS1/stix/m/it/10 ^^U[]$ $\LS1/stix/m/n/10 Ë
 []

[11] [12] [13 <./build/1-23-eps-converted-to.pdf> <./build/1-32-eps-converted-to.pdf> <./build/1-43-eps-converted-to.pdf> <./build/1-52-eps-converted-to.pdf> <./build/1-22-eps-converted-to.pdf> <./build/1-33-eps-converted-to.pdf> <./build/1-42-eps-converted-to.pdf> <./build/1-53-eps-converted-to.pdf> <./build/1-21-eps-converted-to.pdf> <./build/1-31-eps-converted-to.pdf> <./build/1-41-eps-converted-to.pdf> <./build/1-51-eps-converted-to.pdf>]
Package epstopdf Info: Source file: <compare.eps>
(epstopdf)                    date: 2026-09-22 11:33:57
(epstopdf)                    size: 69671 bytes
(epstopdf)             Output file: <build/compare-eps-converted-to.pdf>
(epstopdf)                    date: 2026-09-23 11:25:46
(epstopdf)                    size: 11877 bytes
(epstopdf)             Command: <repstopdf --outfile=build/compare-eps-converted-to.pdf compare.eps>
(epstopdf)             \includegraphics on input line 1179.
Package epstopdf Info: Output file is already uptodate.
<build/compare-eps-converted-to.pdf, id=604, 646.415pt x 203.76125pt>
File: build/compare-eps-converted-to.pdf Graphic file (type pdf)
<use build/compare-eps-converted-to.pdf>
Package pdftex.def Info: build/compare-eps-converted-to.pdf  used on input line 1179.
(pdftex.def)             Requested size: 426.79134pt x 134.53258pt.
 [14 <./build/x1-eps-converted-to.pdf> <./build/y1-eps-converted-to.pdf> <./build/xx1-eps-converted-to.pdf> <./build/yy1-eps-converted-to.pdf> <./build/compare-eps-converted-to.pdf>] [15]
Package epstopdf Info: Source file: <2.eps>
(epstopdf)                    date: 2026-09-22 11:33:57
(epstopdf)                    size: 39018 bytes
(epstopdf)             Output file: <build/2-eps-converted-to.pdf>
(epstopdf)                    date: 2026-09-23 11:25:47
(epstopdf)                    size: 9748 bytes
(epstopdf)             Command: <repstopdf --outfile=build/2-eps-converted-to.pdf 2.eps>
(epstopdf)             \includegraphics on input line 1332.
Package epstopdf Info: Output file is already uptodate.
<build/2-eps-converted-to.pdf, id=649, 421.575pt x 316.18124pt>
File: build/2-eps-converted-to.pdf Graphic file (type pdf)
<use build/2-eps-converted-to.pdf>
Package pdftex.def Info: build/2-eps-converted-to.pdf  used on input line 1332.
(pdftex.def)             Requested size: 142.26378pt x 106.69933pt.
Package epstopdf Info: Source file: <3.eps>
(epstopdf)                    date: 2026-09-22 11:33:57
(epstopdf)                    size: 42443 bytes
(epstopdf)             Output file: <build/3-eps-converted-to.pdf>
(epstopdf)                    date: 2026-09-23 11:25:47
(epstopdf)                    size: 10218 bytes
(epstopdf)             Command: <repstopdf --outfile=build/3-eps-converted-to.pdf 3.eps>
(epstopdf)             \includegraphics on input line 1335.
Package epstopdf Info: Output file is already uptodate.
<build/3-eps-converted-to.pdf, id=650, 421.575pt x 316.18124pt>
File: build/3-eps-converted-to.pdf Graphic file (type pdf)
<use build/3-eps-converted-to.pdf>
Package pdftex.def Info: build/3-eps-converted-to.pdf  used on input line 1335.
(pdftex.def)             Requested size: 142.26378pt x 106.69933pt.
Package epstopdf Info: Source file: <5.eps>
(epstopdf)                    date: 2026-09-22 11:33:57
(epstopdf)                    size: 46247 bytes
(epstopdf)             Output file: <build/5-eps-converted-to.pdf>
(epstopdf)                    date: 2026-09-23 11:25:48
(epstopdf)                    size: 10445 bytes
(epstopdf)             Command: <repstopdf --outfile=build/5-eps-converted-to.pdf 5.eps>
(epstopdf)             \includegraphics on input line 1338.
Package epstopdf Info: Output file is already uptodate.
<build/5-eps-converted-to.pdf, id=651, 421.575pt x 316.18124pt>
File: build/5-eps-converted-to.pdf Graphic file (type pdf)
<use build/5-eps-converted-to.pdf>
Package pdftex.def Info: build/5-eps-converted-to.pdf  used on input line 1338.
(pdftex.def)             Requested size: 142.26378pt x 106.69933pt.
Package epstopdf Info: Source file: <6.eps>
(epstopdf)                    date: 2026-09-22 11:33:57
(epstopdf)                    size: 43657 bytes
(epstopdf)             Output file: <build/6-eps-converted-to.pdf>
(epstopdf)                    date: 2026-09-23 11:25:48
(epstopdf)                    size: 10182 bytes
(epstopdf)             Command: <repstopdf --outfile=build/6-eps-converted-to.pdf 6.eps>
(epstopdf)             \includegraphics on input line 1341.
Package epstopdf Info: Output file is already uptodate.
<build/6-eps-converted-to.pdf, id=652, 421.575pt x 316.18124pt>
File: build/6-eps-converted-to.pdf Graphic file (type pdf)
<use build/6-eps-converted-to.pdf>
Package pdftex.def Info: build/6-eps-converted-to.pdf  used on input line 1341.
(pdftex.def)             Requested size: 142.26378pt x 106.69933pt.
Package epstopdf Info: Source file: <9.eps>
(epstopdf)                    date: 2026-09-22 11:33:57
(epstopdf)                    size: 41419 bytes
(epstopdf)             Output file: <build/9-eps-converted-to.pdf>
(epstopdf)                    date: 2026-09-23 11:25:49
(epstopdf)                    size: 10264 bytes
(epstopdf)             Command: <repstopdf --outfile=build/9-eps-converted-to.pdf 9.eps>
(epstopdf)             \includegraphics on input line 1344.
Package epstopdf Info: Output file is already uptodate.
<build/9-eps-converted-to.pdf, id=653, 421.575pt x 316.18124pt>
File: build/9-eps-converted-to.pdf Graphic file (type pdf)
<use build/9-eps-converted-to.pdf>
Package pdftex.def Info: build/9-eps-converted-to.pdf  used on input line 1344.
(pdftex.def)             Requested size: 142.26378pt x 106.69933pt.
Package epstopdf Info: Source file: <10.eps>
(epstopdf)                    date: 2026-09-22 11:33:57
(epstopdf)                    size: 40190 bytes
(epstopdf)             Output file: <build/10-eps-converted-to.pdf>
(epstopdf)                    date: 2026-09-23 11:25:49
(epstopdf)                    size: 10142 bytes
(epstopdf)             Command: <repstopdf --outfile=build/10-eps-converted-to.pdf 10.eps>
(epstopdf)             \includegraphics on input line 1347.
Package epstopdf Info: Output file is already uptodate.
<build/10-eps-converted-to.pdf, id=654, 421.575pt x 316.18124pt>
File: build/10-eps-converted-to.pdf Graphic file (type pdf)
<use build/10-eps-converted-to.pdf>
Package pdftex.def Info: build/10-eps-converted-to.pdf  used on input line 1347.
(pdftex.def)             Requested size: 142.26378pt x 106.69933pt.
Package epstopdf Info: Source file: <11.eps>
(epstopdf)                    date: 2026-09-22 11:33:57
(epstopdf)                    size: 43018 bytes
(epstopdf)             Output file: <build/11-eps-converted-to.pdf>
(epstopdf)                    date: 2026-09-23 11:25:49
(epstopdf)                    size: 10180 bytes
(epstopdf)             Command: <repstopdf --outfile=build/11-eps-converted-to.pdf 11.eps>
(epstopdf)             \includegraphics on input line 1350.
Package epstopdf Info: Output file is already uptodate.
<build/11-eps-converted-to.pdf, id=655, 421.575pt x 316.18124pt>
File: build/11-eps-converted-to.pdf Graphic file (type pdf)
<use build/11-eps-converted-to.pdf>
Package pdftex.def Info: build/11-eps-converted-to.pdf  used on input line 1350.
(pdftex.def)             Requested size: 142.26378pt x 106.69933pt.
Package epstopdf Info: Source file: <12.eps>
(epstopdf)                    date: 2026-09-22 11:33:57
(epstopdf)                    size: 43063 bytes
(epstopdf)             Output file: <build/12-eps-converted-to.pdf>
(epstopdf)                    date: 2026-09-23 11:25:50
(epstopdf)                    size: 10199 bytes
(epstopdf)             Command: <repstopdf --outfile=build/12-eps-converted-to.pdf 12.eps>
(epstopdf)             \includegraphics on input line 1353.
Package epstopdf Info: Output file is already uptodate.
<build/12-eps-converted-to.pdf, id=656, 421.575pt x 316.18124pt>
File: build/12-eps-converted-to.pdf Graphic file (type pdf)
<use build/12-eps-converted-to.pdf>
Package pdftex.def Info: build/12-eps-converted-to.pdf  used on input line 1353.
(pdftex.def)             Requested size: 142.26378pt x 106.69933pt.
Package epstopdf Info: Source file: <15.eps>
(epstopdf)                    date: 2026-09-22 11:33:57
(epstopdf)                    size: 44648 bytes
(epstopdf)             Output file: <build/15-eps-converted-to.pdf>
(epstopdf)                    date: 2026-09-23 11:25:50
(epstopdf)                    size: 10433 bytes
(epstopdf)             Command: <repstopdf --outfile=build/15-eps-converted-to.pdf 15.eps>
(epstopdf)             \includegraphics on input line 1356.
Package epstopdf Info: Output file is already uptodate.
<build/15-eps-converted-to.pdf, id=657, 421.575pt x 316.18124pt>
File: build/15-eps-converted-to.pdf Graphic file (type pdf)
<use build/15-eps-converted-to.pdf>
Package pdftex.def Info: build/15-eps-converted-to.pdf  used on input line 1356.
(pdftex.def)             Requested size: 142.26378pt x 106.69933pt.
Package epstopdf Info: Source file: <17.eps>
(epstopdf)                    date: 2026-09-22 11:33:57
(epstopdf)                    size: 39381 bytes
(epstopdf)             Output file: <build/17-eps-converted-to.pdf>
(epstopdf)                    date: 2026-09-23 11:25:51
(epstopdf)                    size: 9804 bytes
(epstopdf)             Command: <repstopdf --outfile=build/17-eps-converted-to.pdf 17.eps>
(epstopdf)             \includegraphics on input line 1359.
Package epstopdf Info: Output file is already uptodate.
<build/17-eps-converted-to.pdf, id=658, 421.575pt x 316.18124pt>
File: build/17-eps-converted-to.pdf Graphic file (type pdf)
<use build/17-eps-converted-to.pdf>
Package pdftex.def Info: build/17-eps-converted-to.pdf  used on input line 1359.
(pdftex.def)             Requested size: 142.26378pt x 106.69933pt.
Package epstopdf Info: Source file: <19.eps>
(epstopdf)                    date: 2026-09-22 11:33:57
(epstopdf)                    size: 41322 bytes
(epstopdf)             Output file: <build/19-eps-converted-to.pdf>
(epstopdf)                    date: 2026-09-23 11:25:51
(epstopdf)                    size: 9698 bytes
(epstopdf)             Command: <repstopdf --outfile=build/19-eps-converted-to.pdf 19.eps>
(epstopdf)             \includegraphics on input line 1362.
Package epstopdf Info: Output file is already uptodate.
<build/19-eps-converted-to.pdf, id=659, 421.575pt x 316.18124pt>
File: build/19-eps-converted-to.pdf Graphic file (type pdf)
<use build/19-eps-converted-to.pdf>
Package pdftex.def Info: build/19-eps-converted-to.pdf  used on input line 1362.
(pdftex.def)             Requested size: 142.26378pt x 106.69933pt.
Package epstopdf Info: Source file: <20.eps>
(epstopdf)                    date: 2026-09-22 11:33:57
(epstopdf)                    size: 42057 bytes
(epstopdf)             Output file: <build/20-eps-converted-to.pdf>
(epstopdf)                    date: 2026-09-23 11:25:51
(epstopdf)                    size: 10261 bytes
(epstopdf)             Command: <repstopdf --outfile=build/20-eps-converted-to.pdf 20.eps>
(epstopdf)             \includegraphics on input line 1365.
Package epstopdf Info: Output file is already uptodate.
<build/20-eps-converted-to.pdf, id=660, 421.575pt x 316.18124pt>
File: build/20-eps-converted-to.pdf Graphic file (type pdf)
<use build/20-eps-converted-to.pdf>
Package pdftex.def Info: build/20-eps-converted-to.pdf  used on input line 1365.
(pdftex.def)             Requested size: 142.26378pt x 106.69933pt.
 [16] [17] [18 <./build/2-eps-converted-to.pdf> <./build/3-eps-converted-to.pdf> <./build/5-eps-converted-to.pdf> <./build/6-eps-converted-to.pdf> <./build/9-eps-converted-to.pdf> <./build/10-eps-converted-to.pdf> <./build/11-eps-converted-to.pdf> <./build/12-eps-converted-to.pdf> <./build/15-eps-converted-to.pdf> <./build/17-eps-converted-to.pdf> <./build/19-eps-converted-to.pdf> <./build/20-eps-converted-to.pdf>]
Overfull \hbox (30.69936pt too wide) in paragraph at lines 1415--1444
 [][] 
 []

[19] [20] [21] (./main.bbl [22]) [23] (./main.aux)
 ***********
LaTeX2e <2025-11-01>
L3 programming layer <2026-01-19>
 ***********


LaTeX Font Warning: Size substitutions with differences
(Font)              up to 0.5pt have occurred.

Package rerunfilecheck Info: File `main.out' has not changed.
(rerunfilecheck)             Checksum: D41D8CD98F00B204E9800998ECF8427E;0.
 ) 
Here is how much of TeX's memory you used:
 20547 strings out of 469515
 318807 string characters out of 5469773
 955145 words of memory out of 5000000
 48684 multiletter control sequences out of 15000+600000
 751357 words of font info for 204 fonts, out of 8000000 for 9000
 14 hyphenation exceptions out of 8191
 90i,28n,98p,1900b,761s stack positions out of 10000i,1000n,20000p,200000b,200000s
 </home/user/.TinyTeX/texmf-var/fonts/pk/ljfour/jknappen/ec/ectt1000.600pk> </home/user/.TinyTeX/texmf-var/fonts/pk/ljfour/jknappen/ec/ecss0800.600pk> </home/user/.TinyTeX/texmf-var/fonts/pk/ljfour/jknappen/ec/ecsx0800.600pk> </home/user/.TinyTeX/texmf-var/fonts/pk/ljfour/jknappen/ec/ecsx0900.600pk> </home/user/.TinyTeX/texmf-var/fonts/pk/ljfour/jknappen/ec/ecss0900.600pk> </home/user/.TinyTeX/texmf-var/fonts/pk/ljfour/jknappen/ec/ectt0800.600pk></home/user/.TinyTeX/texmf-dist/fonts/type1/public/stix/STIXGeneral-Bold.pfb></home/user/.TinyTeX/texmf-dist/fonts/type1/public/stix/STIXGeneral-BoldItalic.pfb></home/user/.TinyTeX/texmf-dist/fonts/type1/public/stix/STIXGeneral-Italic.pfb></home/user/.TinyTeX/texmf-dist/fonts/type1/public/stix/STIXGeneral-Regular.pfb></home/user/.TinyTeX/texmf-dist/fonts/type1/public/stix/stix-mathbb.pfb></home/user/.TinyTeX/texmf-dist/fonts/type1/public/stix/stix-mathcal.pfb></home/user/.TinyTeX/texmf-dist/fonts/type1/public/stix/stix-mathex.pfb></home/user/.TinyTeX/texmf-dist/fonts/type1/public/stix/stix-mathit-bold.pfb></home/user/.TinyTeX/texmf-dist/fonts/type1/public/stix/stix-mathit.pfb></home/user/.TinyTeX/texmf-dist/fonts/type1/public/stix/stix-mathrm-bold.pfb></home/user/.TinyTeX/texmf-dist/fonts/type1/public/stix/stix-mathrm.pfb></home/user/.TinyTeX/texmf-dist/fonts/type1/public/stix/stix-mathscr.pfb></home/user/.TinyTeX/texmf-dist/fonts/type1/public/stix/stix-mathsf.pfb>
Output written on main.pdf (23 pages, 1139407 bytes).
PDF statistics:
 1159 PDF objects out of 1200 (max. 8388607)
 660 compressed objects within 7 object streams
 175 named destinations out of 1000 (max. 500000)
 156 words of extra memory for PDF output out of 10000 (max. 10000000)

