This is pdfTeX, Version 3.141592653-2.6-1.40.29 (TeX Live 2026) (preloaded format=pdflatex)
 restricted \write18 enabled.
entering extended mode
(./main.tex
LaTeX2e <2025-11-01>
L3 programming layer <2026-01-19>
(/home/user/.TinyTeX/texmf-dist/tex/latex/ieeetran/IEEEtran.cls
Document Class: IEEEtran 2015/08/26 V1.8b by Michael Shell
-- See the "IEEEtran_HOWTO" manual for usage information.
-- http://www.michaelshell.org/tex/ieeetran/
(/home/user/.TinyTeX/texmf-dist/tex/latex/psnfss/ot1ptm.fd)
** ATTENTION: Single column mode is not typically used with IEEE publications.
-- Using 8.5in x 11in (letter) paper.
-- Using PDF output.
-- This is a 12 point document.
) (/home/user/.TinyTeX/texmf-dist/tex/latex/tools/array.sty) (/home/user/.TinyTeX/texmf-dist/tex/latex/multirow/multirow.sty) (/home/user/.TinyTeX/texmf-dist/tex/latex/jknapltx/mathrsfs.sty) (/home/user/.TinyTeX/texmf-dist/tex/latex/amsmath/amsmath.sty
For additional information on amsmath, use the `?' option.
(/home/user/.TinyTeX/texmf-dist/tex/latex/amsmath/amstext.sty (/home/user/.TinyTeX/texmf-dist/tex/latex/amsmath/amsgen.sty)) (/home/user/.TinyTeX/texmf-dist/tex/latex/amsmath/amsbsy.sty) (/home/user/.TinyTeX/texmf-dist/tex/latex/amsmath/amsopn.sty)) (/home/user/.TinyTeX/texmf-dist/tex/latex/amsfonts/amssymb.sty (/home/user/.TinyTeX/texmf-dist/tex/latex/amsfonts/amsfonts.sty)) (/home/user/.TinyTeX/texmf-dist/tex/latex/caption/caption.sty (/home/user/.TinyTeX/texmf-dist/tex/latex/caption/caption3.sty (/home/user/.TinyTeX/texmf-dist/tex/latex/graphics/keyval.sty))

Package caption Warning: Unknown document class (or package),
(caption)                standard defaults will be used.
See the caption package documentation for explanation.

) (/home/user/.TinyTeX/texmf-dist/tex/latex/makecell/makecell.sty) (/home/user/.TinyTeX/texmf-dist/tex/latex/float/float.sty) (/home/user/.TinyTeX/texmf-dist/tex/latex/base/textcomp.sty) (/home/user/.TinyTeX/texmf-dist/tex/latex/cite/cite.sty) (/home/user/.TinyTeX/texmf-dist/tex/latex/amscls/amsthm.sty) (/home/user/.TinyTeX/texmf-dist/tex/latex/tools/verbatim.sty) (/home/user/.TinyTeX/texmf-dist/tex/latex/booktabs/booktabs.sty) (/home/user/.TinyTeX/texmf-dist/tex/latex/graphics/graphicx.sty (/home/user/.TinyTeX/texmf-dist/tex/latex/graphics/graphics.sty (/home/user/.TinyTeX/texmf-dist/tex/latex/graphics/trig.sty) (/home/user/.TinyTeX/texmf-dist/tex/latex/graphics-cfg/graphics.cfg) (/home/user/.TinyTeX/texmf-dist/tex/latex/graphics-def/pdftex.def))) (/home/user/.TinyTeX/texmf-dist/tex/latex/graphics/epsfig.sty) (/home/user/.TinyTeX/texmf-dist/tex/latex/diagbox/diagbox.sty (/home/user/.TinyTeX/texmf-dist/tex/latex/pict2e/pict2e.sty (/home/user/.TinyTeX/texmf-dist/tex/latex/pict2e/pict2e.cfg) (/home/user/.TinyTeX/texmf-dist/tex/latex/pict2e/p2e-pdftex.def)) (/home/user/.TinyTeX/texmf-dist/tex/latex/tools/calc.sty)) (/home/user/.TinyTeX/texmf-dist/tex/latex/tools/multicol.sty) (/home/user/.TinyTeX/texmf-dist/tex/latex/threeparttable/threeparttable.sty) (/home/user/.TinyTeX/texmf-dist/tex/latex/algorithms/algorithm.sty (/home/user/.TinyTeX/texmf-dist/tex/latex/base/ifthen.sty)) (/home/user/.TinyTeX/texmf-dist/tex/latex/algorithms/algorithmic.sty) (/home/user/.TinyTeX/texmf-dist/tex/latex/subfigure/subfigure.sty
****************************************
* Local config file subfigure.cfg used *
****************************************
(/home/user/.TinyTeX/texmf-dist/tex/latex/subfigure/subfigure.cfg)) (/home/user/.TinyTeX/texmf-dist/tex/latex/xcolor/xcolor.sty (/home/user/.TinyTeX/texmf-dist/tex/latex/graphics-cfg/color.cfg) (/home/user/.TinyTeX/texmf-dist/tex/latex/graphics/mathcolor.ltx)) (/home/user/.TinyTeX/texmf-dist/tex/latex/tools/bm.sty) (/home/user/.TinyTeX/texmf-dist/tex/latex/tools/tabularx.sty) (/home/user/.TinyTeX/texmf-dist/tex/latex/epstopdf-pkg/epstopdf.sty (/home/user/.TinyTeX/texmf-dist/tex/generic/infwarerr/infwarerr.sty) (/home/user/.TinyTeX/texmf-dist/tex/latex/grfext/grfext.sty (/home/user/.TinyTeX/texmf-dist/tex/generic/kvdefinekeys/kvdefinekeys.sty)) (/home/user/.TinyTeX/texmf-dist/tex/latex/kvoptions/kvoptions.sty (/home/user/.TinyTeX/texmf-dist/tex/generic/ltxcmds/ltxcmds.sty) (/home/user/.TinyTeX/texmf-dist/tex/latex/kvsetkeys/kvsetkeys.sty)) (/home/user/.TinyTeX/texmf-dist/tex/generic/pdftexcmds/pdftexcmds.sty (/home/user/.TinyTeX/texmf-dist/tex/generic/iftex/iftex.sty)) (/home/user/.TinyTeX/texmf-dist/tex/latex/epstopdf-pkg/epstopdf-base.sty (/home/user/.TinyTeX/texmf-dist/tex/latex/latexconfig/epstopdf-sys.cfg))) (/home/user/.TinyTeX/texmf-dist/tex/latex/url/url.sty) (/home/user/.TinyTeX/texmf-dist/tex/latex/hyperref/hyperref.sty (/home/user/.TinyTeX/texmf-dist/tex/generic/pdfescape/pdfescape.sty) (/home/user/.TinyTeX/texmf-dist/tex/latex/hycolor/hycolor.sty) (/home/user/.TinyTeX/texmf-dist/tex/latex/hyperref/nameref.sty (/home/user/.TinyTeX/texmf-dist/tex/latex/refcount/refcount.sty) (/home/user/.TinyTeX/texmf-dist/tex/generic/gettitlestring/gettitlestring.sty)) (/home/user/.TinyTeX/texmf-dist/tex/latex/etoolbox/etoolbox.sty) (/home/user/.TinyTeX/texmf-dist/tex/generic/stringenc/stringenc.sty) (/home/user/.TinyTeX/texmf-dist/tex/latex/hyperref/pd1enc.def) (/home/user/.TinyTeX/texmf-dist/tex/generic/intcalc/intcalc.sty) (/home/user/.TinyTeX/texmf-dist/tex/latex/hyperref/puenc.def) (/home/user/.TinyTeX/texmf-dist/tex/generic/bitset/bitset.sty (/home/user/.TinyTeX/texmf-dist/tex/generic/bigintcalc/bigintcalc.sty))) (/home/user/.TinyTeX/texmf-dist/tex/latex/hyperref/hpdftex.def (/home/user/.TinyTeX/texmf-dist/tex/latex/rerunfilecheck/rerunfilecheck.sty (/home/user/.TinyTeX/texmf-dist/tex/generic/uniquecounter/uniquecounter.sty)))

Package hyperref Warning: Option `hypertex' has already been used,
(hyperref)                setting the option has no effect on input line 53.

(/home/user/.TinyTeX/texmf-dist/tex/latex/l3backend/l3backend-pdftex.def) (build/main.aux)
-- Lines per column: 52 (approximate, difference = 0.55257pt).
(/home/user/.TinyTeX/texmf-dist/tex/context/base/mkii/supp-pdf.mkii
[Loading MPS to PDF converter (version 2006.09.02).]
) (build/main.out) (build/main.out)

LaTeX Warning: No \author given.


Underfull \hbox (badness 10000) in paragraph at lines 98--99


Underfull \hbox (badness 10000) in paragraph at lines 101--102


Underfull \hbox (badness 10000) in paragraph at lines 103--104


Underfull \hbox (badness 10000) in paragraph at lines 105--106


Underfull \hbox (badness 10000) in paragraph at lines 109--110


Underfull \hbox (badness 10000) in paragraph at lines 111--112


Underfull \hbox (badness 10000) in paragraph at lines 113--114


Underfull \hbox (badness 10000) in paragraph at lines 115--116


Underfull \hbox (badness 10000) in paragraph at lines 117--118


Underfull \hbox (badness 10000) in paragraph at lines 124--125

(/home/user/.TinyTeX/texmf-dist/tex/latex/jknapltx/ursfs.fd) (/home/user/.TinyTeX/texmf-dist/tex/latex/amsfonts/umsa.fd) (/home/user/.TinyTeX/texmf-dist/tex/latex/amsfonts/umsb.fd)
Underfull \hbox (badness 10000) in paragraph at lines 127--128


Underfull \hbox (badness 10000) in paragraph at lines 128--129


Underfull \hbox (badness 10000) in paragraph at lines 129--130

[1{/home/user/.TinyTeX/texmf-var/fonts/map/pdftex/updmap/pdftex.map}{/home/user/.TinyTeX/texmf-dist/fonts/enc/dvips/base/8r.enc}]
Underfull \hbox (badness 10000) in paragraph at lines 303--304

[2] [3]
Underfull \hbox (badness 1527) in paragraph at lines 396--396
[]\OT1/ptm/m/n/12 TABLE I: |Per-for-mance Com-par-i-son (Acc/AUC/F1-score) Among DBU-PLDM, MLP+Focal Loss,
[4] [5] [6] [7] [8] [9] (build/main.aux) )
(see the transcript file for additional information)</home/user/.TinyTeX/texmf-dist/fonts/type1/public/amsfonts/cm/cmmi12.pfb></home/user/.TinyTeX/texmf-dist/fonts/type1/public/amsfonts/cm/cmr12.pfb></home/user/.TinyTeX/texmf-dist/fonts/type1/public/amsfonts/cm/cmr8.pfb></home/user/.TinyTeX/texmf-dist/fonts/type1/public/amsfonts/cm/cmsy10.pfb></home/user/.TinyTeX/texmf-dist/fonts/type1/public/amsfonts/cm/cmsy8.pfb></home/user/.TinyTeX/texmf-dist/fonts/type1/urw/times/utmb8a.pfb></home/user/.TinyTeX/texmf-dist/fonts/type1/urw/times/utmbi8a.pfb></home/user/.TinyTeX/texmf-dist/fonts/type1/urw/times/utmr8a.pfb></home/user/.TinyTeX/texmf-dist/fonts/type1/urw/times/utmri8a.pfb>
Output written on build/main.pdf (9 pages, 133893 bytes).
Transcript written on build/main.log.
